------------------------------------------------------------
Timing Analyzer Summary
------------------------------------------------------------

Type  : Slow 1200mV 85C Model Setup 'CLK'
Slack : -5.501
TNS   : -888.382

Type  : Slow 1200mV 85C Model Setup 'CS'
Slack : -2.549
TNS   : -192.696

Type  : Slow 1200mV 85C Model Setup 'UART_Rx:u1|UART_clk'
Slack : 0.009
TNS   : 0.000

Type  : Slow 1200mV 85C Model Hold 'CLK'
Slack : 0.340
TNS   : 0.000

Type  : Slow 1200mV 85C Model Hold 'UART_Rx:u1|UART_clk'
Slack : 0.518
TNS   : 0.000

Type  : Slow 1200mV 85C Model Hold 'CS'
Slack : 0.780
TNS   : 0.000

Type  : Slow 1200mV 85C Model Minimum Pulse Width 'CLK'
Slack : -3.000
TNS   : -420.847

Type  : Slow 1200mV 85C Model Minimum Pulse Width 'CS'
Slack : -1.487
TNS   : -118.960

Type  : Slow 1200mV 85C Model Minimum Pulse Width 'UART_Rx:u1|UART_clk'
Slack : -1.487
TNS   : -11.896

Type  : Slow 1200mV 0C Model Setup 'CLK'
Slack : -5.021
TNS   : -813.302

Type  : Slow 1200mV 0C Model Setup 'CS'
Slack : -2.325
TNS   : -174.992

Type  : Slow 1200mV 0C Model Setup 'UART_Rx:u1|UART_clk'
Slack : 0.095
TNS   : 0.000

Type  : Slow 1200mV 0C Model Hold 'CLK'
Slack : 0.303
TNS   : 0.000

Type  : Slow 1200mV 0C Model Hold 'UART_Rx:u1|UART_clk'
Slack : 0.488
TNS   : 0.000

Type  : Slow 1200mV 0C Model Hold 'CS'
Slack : 0.700
TNS   : 0.000

Type  : Slow 1200mV 0C Model Minimum Pulse Width 'CLK'
Slack : -3.000
TNS   : -420.847

Type  : Slow 1200mV 0C Model Minimum Pulse Width 'CS'
Slack : -1.487
TNS   : -118.960

Type  : Slow 1200mV 0C Model Minimum Pulse Width 'UART_Rx:u1|UART_clk'
Slack : -1.487
TNS   : -11.896

Type  : Fast 1200mV 0C Model Setup 'CLK'
Slack : -1.543
TNS   : -182.427

Type  : Fast 1200mV 0C Model Setup 'CS'
Slack : -0.439
TNS   : -30.616

Type  : Fast 1200mV 0C Model Setup 'UART_Rx:u1|UART_clk'
Slack : 0.560
TNS   : 0.000

Type  : Fast 1200mV 0C Model Hold 'CLK'
Slack : 0.143
TNS   : 0.000

Type  : Fast 1200mV 0C Model Hold 'UART_Rx:u1|UART_clk'
Slack : 0.177
TNS   : 0.000

Type  : Fast 1200mV 0C Model Hold 'CS'
Slack : 0.246
TNS   : 0.000

Type  : Fast 1200mV 0C Model Minimum Pulse Width 'CLK'
Slack : -3.000
TNS   : -292.913

Type  : Fast 1200mV 0C Model Minimum Pulse Width 'CS'
Slack : -1.000
TNS   : -80.000

Type  : Fast 1200mV 0C Model Minimum Pulse Width 'UART_Rx:u1|UART_clk'
Slack : -1.000
TNS   : -8.000

------------------------------------------------------------
